
CPPTRAJ: Trajectory Analysis. V6.18.1 (AmberTools)
    ___  ___  ___  ___
     | \/ | \/ | \/ | 
    _|_/\_|_/\_|_/\_|_

| Date/time: 05/08/25 13:02:19
| Available memory: 5.838 GB

INPUT: Reading input from 'trunc_cap.in'
  [parm 6dpz.pdb]
	Reading '6dpz.pdb' as PDB File
	Reading bond info from CONECT records.
	Not reading bond info from LINK records.
	Determining bond info from distances.
Warning: Bond length not found for O - CL, using default= 1.600000
Warning: Bond length not found for CL - CL, using default= 1.600000
Warning: Bond length not found for CL - NA, using default= 1.600000
Warning: Bond length not found for NA - NA, using default= 1.600000
Warning: Determining bond length parameters from element types for '6dpz.pdb'.
  [reference 6dpz.pdb]
	Reading '6dpz.pdb' as PDB
	Read CRYST1 info from PDB: a=88.054 b=88.054 c=88.054 alpha=109.47 beta=109.47 gamma=109.47
Warning: Low precision truncated octahedron angles detected (109.47 vs 109.471).
Warning:   If desired, the 'box' command can be used during processing
Warning:   to set higher-precision angles.
	Setting active reference for distance-based masks: '6dpz.pdb'
  [trajin 6dpz.pdb]
	Reading '6dpz.pdb' as PDB
	Read CRYST1 info from PDB: a=88.054 b=88.054 c=88.054 alpha=109.47 beta=109.47 gamma=109.47
Warning: Low precision truncated octahedron angles detected (109.47 vs 109.471).
Warning:   If desired, the 'box' command can be used during processing
Warning:   to set higher-precision angles.
Warning: Trajectory box type is 'Truncated octahedron' but topology box type is 'None'.
Warning: Setting topology box information from trajectory.
  [strip !(:57,115,146,207,213,216,285,288,311,339,342,345,358@C,O|:65,119,150,212,215,220,287,291,322,341,344,347,360@N,H|:58-64,116-118,147-149,208-211,214,217-219,286,289-290,312-321,340,343,346,359|:H7D)]
    STRIP: Stripping atoms in mask [!(:57,115,146,207,213,216,285,288,311,339,342,345,358@C,O|:65,119,150,212,215,220,287,291,322,341,344,347,360@N,H|:58-64,116-118,147-149,208-211,214,217-219,286,289-290,312-321,340,343,346,359|:H7D)]
  [strip :WAT,HOH]
    STRIP: Stripping atoms in mask [:WAT,HOH]
  [strip :Na+]
    STRIP: Stripping atoms in mask [:Na+]
  [strip :Cl-]
    STRIP: Stripping atoms in mask [:Cl-]
  [trajout trunc_cap.pdb]
	Writing 'trunc_cap.pdb' as PDB
  [run]
---------- RUN BEGIN -------------------------------------------------

PARAMETER FILES (1 total):
 0: 6dpz.pdb, 45631 atoms, 13734 res, box: Truncated octahedron, 13377 mol, 13315 solvent

INPUT TRAJECTORIES (1 total):
 0: '6dpz.pdb' is a PDB file, Parm 6dpz.pdb (Truncated octahedron box) (reading 1 of 1)
  Coordinate processing will occur on 1 frames.

REFERENCE FRAMES (1 total):
    0: 6dpz.pdb:1
	Active reference frame for distance-based masks is '6dpz.pdb:1'

OUTPUT TRAJECTORIES (1 total):
  'trunc_cap.pdb' (1 frames) is a PDB file

BEGIN TRAJECTORY PROCESSING:
.....................................................
ACTION SETUP FOR PARM '6dpz.pdb' (4 actions):
  0: [strip !(:57,115,146,207,213,216,285,288,311,339,342,345,358@C,O|:65,119,150,212,215,220,287,291,322,341,344,347,360@N,H|:58-64,116-118,147-149,208-211,214,217-219,286,289-290,312-321,340,343,346,359|:H7D)]
	Stripping 45030 atoms.
	Stripped topology: 601 atoms, 63 res, box: Truncated octahedron, 14 mol
  1: [strip :WAT,HOH]
	Stripping 0 atoms.
Warning: No atoms to strip. Skipping.
Warning: Setup incomplete for [strip]: Skipping
  2: [strip :Na+]
	Stripping 0 atoms.
Warning: No atoms to strip. Skipping.
Warning: Setup incomplete for [strip]: Skipping
  3: [strip :Cl-]
	Stripping 0 atoms.
Warning: No atoms to strip. Skipping.
Warning: Setup incomplete for [strip]: Skipping
Warning: No PDB space group specified.
.....................................................
ACTIVE OUTPUT TRAJECTORIES (1):
  trunc_cap.pdb (coordinates, box)
----- 6dpz.pdb (1-1, 1) -----
100% Complete.

Read 1 frames and processed 1 frames.
TIME: Avg. throughput= 48.4379 frames / second.

ACTION OUTPUT:
TIME: Analyses took 0.0000 seconds.

RUN TIMING:
TIME:		Init               : 0.0000 s (  0.06%)
TIME:		Trajectory Process : 0.0206 s ( 99.48%)
TIME:		Action Post        : 0.0000 s (  0.00%)
TIME:		Analysis           : 0.0000 s (  0.00%)
TIME:		Data File Write    : 0.0000 s (  0.00%)
TIME:		Other              : 0.0001 s (  0.00%)
TIME:	Run Total 0.0208 s
---------- RUN END ---------------------------------------------------
  [quit]
TIME: Total execution time: 0.1604 seconds.
--------------------------------------------------------------------------------
To cite CPPTRAJ use:
Daniel R. Roe and Thomas E. Cheatham, III, "PTRAJ and CPPTRAJ: Software for
  Processing and Analysis of Molecular Dynamics Trajectory Data". J. Chem.
  Theory Comput., 2013, 9 (7), pp 3084-3095.

