
CPPTRAJ: Trajectory Analysis. V6.18.1 (AmberTools)
    ___  ___  ___  ___
     | \/ | \/ | \/ | 
    _|_/\_|_/\_|_/\_|_

| Date/time: 06/05/25 14:27:35
| Available memory: 5.535 GB

INPUT: Reading input from 'trunc_cap.in'
  [parm 6dy7.pdb]
	Reading '6dy7.pdb' as PDB File
	Reading bond info from CONECT records.
	Not reading bond info from LINK records.
	Determining bond info from distances.
Warning: Bond length not found for H - CL, using default= 1.600000
Warning: Bond length not found for CL - CL, using default= 1.600000
Warning: Bond length not found for O - CL, using default= 1.600000
Warning: Bond length not found for CL - NA, using default= 1.600000
Warning: Bond length not found for NA - NA, using default= 1.600000
Warning: Determining bond length parameters from element types for '6dy7.pdb'.
  [reference 6dy7.pdb]
	Reading '6dy7.pdb' as PDB
	Read CRYST1 info from PDB: a=75.032 b=75.032 c=75.032 alpha=109.47 beta=109.47 gamma=109.47
Warning: Low precision truncated octahedron angles detected (109.47 vs 109.471).
Warning:   If desired, the 'box' command can be used during processing
Warning:   to set higher-precision angles.
	Setting active reference for distance-based masks: '6dy7.pdb'
  [trajin 6dy7.pdb]
	Reading '6dy7.pdb' as PDB
	Read CRYST1 info from PDB: a=75.032 b=75.032 c=75.032 alpha=109.47 beta=109.47 gamma=109.47
Warning: Low precision truncated octahedron angles detected (109.47 vs 109.471).
Warning:   If desired, the 'box' command can be used during processing
Warning:   to set higher-precision angles.
Warning: Trajectory box type is 'Truncated octahedron' but topology box type is 'None'.
Warning: Setting topology box information from trajectory.
  [strip !(:15,32,58,74,100,115,143,158,186,201,226,271,288,304@C,O|:23,37,65,78,107,118,149,162,192,203,235,278,296,306@N,H|:16-22,33-36,59-64,75-77,101-106,116-117,144-148,159-161,187-191,202,227-234,272-277,289-295,305|:HH7)]
    STRIP: Stripping atoms in mask [!(:15,32,58,74,100,115,143,158,186,201,226,271,288,304@C,O|:23,37,65,78,107,118,149,162,192,203,235,278,296,306@N,H|:16-22,33-36,59-64,75-77,101-106,116-117,144-148,159-161,187-191,202,227-234,272-277,289-295,305|:HH7)]
  [strip :WAT,HOH]
    STRIP: Stripping atoms in mask [:WAT,HOH]
  [strip :Na+]
    STRIP: Stripping atoms in mask [:Na+]
  [strip :Cl-]
    STRIP: Stripping atoms in mask [:Cl-]
  [trajout trunc_cap.pdb]
	Writing 'trunc_cap.pdb' as PDB
  [run]
---------- RUN BEGIN -------------------------------------------------

PARAMETER FILES (1 total):
 0: 6dy7.pdb, 27623 atoms, 7961 res, box: Truncated octahedron, 7658 mol, 7618 solvent

INPUT TRAJECTORIES (1 total):
 0: '6dy7.pdb' is a PDB file, Parm 6dy7.pdb (Truncated octahedron box) (reading 1 of 1)
  Coordinate processing will occur on 1 frames.

REFERENCE FRAMES (1 total):
    0: 6dy7.pdb:1
	Active reference frame for distance-based masks is '6dy7.pdb:1'

OUTPUT TRAJECTORIES (1 total):
  'trunc_cap.pdb' (1 frames) is a PDB file

BEGIN TRAJECTORY PROCESSING:
.....................................................
ACTION SETUP FOR PARM '6dy7.pdb' (4 actions):
  0: [strip !(:15,32,58,74,100,115,143,158,186,201,226,271,288,304@C,O|:23,37,65,78,107,118,149,162,192,203,235,278,296,306@N,H|:16-22,33-36,59-64,75-77,101-106,116-117,144-148,159-161,187-191,202,227-234,272-277,289-295,305|:HH7)]
	Stripping 26637 atoms.
	Stripped topology: 986 atoms, 91 res, box: Truncated octahedron, 15 mol
  1: [strip :WAT,HOH]
	Stripping 0 atoms.
Warning: No atoms to strip. Skipping.
Warning: Setup incomplete for [strip]: Skipping
  2: [strip :Na+]
	Stripping 0 atoms.
Warning: No atoms to strip. Skipping.
Warning: Setup incomplete for [strip]: Skipping
  3: [strip :Cl-]
	Stripping 0 atoms.
Warning: No atoms to strip. Skipping.
Warning: Setup incomplete for [strip]: Skipping
Warning: No PDB space group specified.
.....................................................
ACTIVE OUTPUT TRAJECTORIES (1):
  trunc_cap.pdb (coordinates, box)
----- 6dy7.pdb (1-1, 1) -----
100% Complete.

Read 1 frames and processed 1 frames.
TIME: Avg. throughput= 58.6613 frames / second.

ACTION OUTPUT:
TIME: Analyses took 0.0000 seconds.

RUN TIMING:
TIME:		Init               : 0.0000 s (  0.04%)
TIME:		Trajectory Process : 0.0170 s ( 99.54%)
TIME:		Action Post        : 0.0000 s (  0.00%)
TIME:		Analysis           : 0.0000 s (  0.01%)
TIME:		Data File Write    : 0.0000 s (  0.01%)
TIME:		Other              : 0.0001 s (  0.00%)
TIME:	Run Total 0.0171 s
---------- RUN END ---------------------------------------------------
  [quit]
TIME: Total execution time: 0.1487 seconds.
--------------------------------------------------------------------------------
To cite CPPTRAJ use:
Daniel R. Roe and Thomas E. Cheatham, III, "PTRAJ and CPPTRAJ: Software for
  Processing and Analysis of Molecular Dynamics Trajectory Data". J. Chem.
  Theory Comput., 2013, 9 (7), pp 3084-3095.

