
CPPTRAJ: Trajectory Analysis. V6.18.1 (AmberTools)
    ___  ___  ___  ___
     | \/ | \/ | \/ | 
    _|_/\_|_/\_|_/\_|_

| Date/time: 05/07/25 14:02:49
| Available memory: 5.847 GB

INPUT: Reading input from 'trunc.in'
  [parm 3wz8.pdb]
	Reading '3wz8.pdb' as PDB File
	Reading bond info from CONECT records.
	Not reading bond info from LINK records.
	Determining bond info from distances.
Warning: Bond length not found for O - CL, using default= 1.600000
Warning: Bond length not found for CL - CL, using default= 1.600000
Warning: Bond length not found for CL - NA, using default= 1.600000
Warning: Bond length not found for NA - NA, using default= 1.600000
Warning: Determining bond length parameters from element types for '3wz8.pdb'.
  [reference 3wz8.pdb]
	Reading '3wz8.pdb' as PDB
	Read CRYST1 info from PDB: a=85.649 b=85.649 c=85.649 alpha=109.47 beta=109.47 gamma=109.47
Warning: Low precision truncated octahedron angles detected (109.47 vs 109.471).
Warning:   If desired, the 'box' command can be used during processing
Warning:   to set higher-precision angles.
	Setting active reference for distance-based masks: '3wz8.pdb'
  [trajin 3wz8.pdb]
	Reading '3wz8.pdb' as PDB
	Read CRYST1 info from PDB: a=85.649 b=85.649 c=85.649 alpha=109.47 beta=109.47 gamma=109.47
Warning: Low precision truncated octahedron angles detected (109.47 vs 109.471).
Warning:   If desired, the 'box' command can be used during processing
Warning:   to set higher-precision angles.
Warning: Trajectory box type is 'Truncated octahedron' but topology box type is 'None'.
Warning: Setting topology box information from trajectory.
  [strip !(:IXV<:7)]
    STRIP: Stripping atoms in mask [!(:IXV<:7)]
  [strip :WAT,HOH]
    STRIP: Stripping atoms in mask [:WAT,HOH]
  [strip :Na+]
    STRIP: Stripping atoms in mask [:Na+]
  [strip :Cl-]
    STRIP: Stripping atoms in mask [:Cl-]
  [trajout trunc.pdb]
	Writing 'trunc.pdb' as PDB
  [run]
---------- RUN BEGIN -------------------------------------------------

PARAMETER FILES (1 total):
 0: 3wz8.pdb, 42043 atoms, 12805 res, box: Truncated octahedron, 12476 mol, 12418 solvent

INPUT TRAJECTORIES (1 total):
 0: '3wz8.pdb' is a PDB file, Parm 3wz8.pdb (Truncated octahedron box) (reading 1 of 1)
  Coordinate processing will occur on 1 frames.

REFERENCE FRAMES (1 total):
    0: 3wz8.pdb:1
	Active reference frame for distance-based masks is '3wz8.pdb:1'

OUTPUT TRAJECTORIES (1 total):
  'trunc.pdb' (1 frames) is a PDB file

BEGIN TRAJECTORY PROCESSING:
.....................................................
ACTION SETUP FOR PARM '3wz8.pdb' (4 actions):
  0: [strip !(:IXV<:7)]
	Stripping 41207 atoms.
	Stripped topology: 836 atoms, 74 res, box: Truncated octahedron, 43 mol, 21 solvent
  1: [strip :WAT,HOH]
	Stripping 63 atoms.
	Stripped topology: 773 atoms, 53 res, box: Truncated octahedron, 22 mol
  2: [strip :Na+]
	Stripping 2 atoms.
	Stripped topology: 771 atoms, 51 res, box: Truncated octahedron, 20 mol
  3: [strip :Cl-]
	Stripping 0 atoms.
Warning: No atoms to strip. Skipping.
Warning: Setup incomplete for [strip]: Skipping
Warning: No PDB space group specified.
.....................................................
ACTIVE OUTPUT TRAJECTORIES (1):
  trunc.pdb (coordinates, box)
----- 3wz8.pdb (1-1, 1) -----
100% Complete.

Read 1 frames and processed 1 frames.
TIME: Avg. throughput= 38.5936 frames / second.

ACTION OUTPUT:
TIME: Analyses took 0.0000 seconds.

RUN TIMING:
TIME:		Init               : 0.0000 s (  0.03%)
TIME:		Trajectory Process : 0.0259 s ( 99.25%)
TIME:		Action Post        : 0.0000 s (  0.00%)
TIME:		Analysis           : 0.0000 s (  0.00%)
TIME:		Data File Write    : 0.0000 s (  0.01%)
TIME:		Other              : 0.0002 s (  0.01%)
TIME:	Run Total 0.0261 s
---------- RUN END ---------------------------------------------------
  [quit]
TIME: Total execution time: 0.1829 seconds.
--------------------------------------------------------------------------------
To cite CPPTRAJ use:
Daniel R. Roe and Thomas E. Cheatham, III, "PTRAJ and CPPTRAJ: Software for
  Processing and Analysis of Molecular Dynamics Trajectory Data". J. Chem.
  Theory Comput., 2013, 9 (7), pp 3084-3095.

