            --------------------------------------------------------
                             AMBER SQM VERSION 19
 
                                     By
              Ross C. Walker, Michael F. Crowley, Scott Brozell,
                         Tim Giese, Andreas W. Goetz,
                        Tai-Sung Lee and David A. Case
 
            --------------------------------------------------------
 

--------------------------------------------------------------------------------
  QM CALCULATION INFO
--------------------------------------------------------------------------------

| QMMM: Citation for AMBER QMMM Run:
| QMMM: R.C. Walker, M.F. Crowley and D.A. Case, J. COMP. CHEM. 29:1019, 2008

QMMM: SINGLET STATE CALCULATION
QMMM: RHF CALCULATION, NO. OF DOUBLY OCCUPIED LEVELS = 54

| QMMM: *** Selected Hamiltonian *** 
| QMMM: AM1         

| QMMM: *** Parameter sets in use ***
| QMMM: C : M.J.S.DEWAR et al. JACS, 107, 3902, (1985)
| QMMM: H : M.J.S.DEWAR et al. JACS, 107, 3902, (1985)
| QMMM: O : M.J.S.DEWAR et al. JACS, 107, 3902, (1985)
| QMMM: N : M.J.S.DEWAR et al. JACS, 107, 3902, (1985)

| QMMM: *** SCF convergence criteria ***
| QMMM: Energy change                :  0.1D-09 kcal/mol
| QMMM: Error matrix |FP-PF|         :  0.1D+00 au
| QMMM: Density matrix change        :  0.5D-06
| QMMM: Maximum number of SCF cycles :     1000

| QMMM: *** Diagonalization Routine Information ***
| QMMM: Pseudo diagonalizations are allowed.
| QMMM: Auto diagonalization routine selection is in use.
| QMMM:
| QMMM: Timing diagonalization routines:
| QMMM:                              norbs =      106
| QMMM:    diag iterations used for timing =       10
| QMMM:
| QMMM:              Internal diag routine = 0.028787 seconds
| QMMM:                 Dspev diag routine = 0.054922 seconds
| QMMM:                Dspevd diag routine = 0.018481 seconds
| QMMM:                Dspevx diag routine = 0.096213 seconds
| QMMM:                 Dsyev diag routine = 0.034519 seconds
| QMMM:                Dsyevd diag routine = 0.016145 seconds
| QMMM:                Dsyevr diag routine = 0.024326 seconds
| QMMM:
| QMMM:                Pseudo diag routine = 0.013113 seconds
| QMMM:
| QMMM: Using dsyevd routine (diag_routine=6).

  QMMM: QM Region Cartesian Coordinates (*=link atom) 
  QMMM: QM_NO.   MM_NO.  ATOM         X         Y         Z
  QMMM:     1        1      C       37.4580   42.3660   39.5890
  QMMM:     2        2      H       36.7560   41.6090   39.5930
  QMMM:     3        3      C       37.0490   43.6500   39.9480
  QMMM:     4        4      H       36.0610   43.8260   40.1890
  QMMM:     5        5      C       37.9700   44.6980   39.9800
  QMMM:     6        6      H       37.6860   45.6570   40.2350
  QMMM:     7        7      C       39.2900   44.3940   39.6520
  QMMM:     8        8      H       40.0020   45.1400   39.6920
  QMMM:     9        9      C       39.6750   43.1060   39.2720
  QMMM:    10       10      H       40.6590   42.9320   39.0160
  QMMM:    11       11      C       38.7680   42.0530   39.2280
  QMMM:    12       12      C       39.1450   40.7680   38.8540
  QMMM:    13       13      C       38.2550   39.6950   38.8300
  QMMM:    14       14      C       38.6510   38.4110   38.4470
  QMMM:    15       15      H       37.9490   37.6560   38.4210
  QMMM:    16       16      H       37.2730   39.8540   39.1040
  QMMM:    17       17      C       40.4510   40.4720   38.4710
  QMMM:    18       18      H       41.1450   41.2350   38.4580
  QMMM:    19       19      C       40.8620   39.1930   38.1050
  QMMM:    20       20      H       41.8450   39.0360   37.8330
  QMMM:    21       21      C       39.9720   38.1220   38.0980
  QMMM:    22       22      C       40.3850   36.7340   37.6820
  QMMM:    23       23      O       39.7600   36.4900   36.4180
  QMMM:    24       24      H       40.0390   37.1680   35.7830
  QMMM:    25       25      C       41.8940   36.5670   37.5110
  QMMM:    26       26      H       42.1360   36.5620   36.4690
  QMMM:    27       27      H       42.3970   37.3780   37.9940
  QMMM:    28       28      N       42.3280   35.2900   38.1220
  QMMM:    29       29      H       43.3180   35.1700   37.9100
  QMMM:    30       30      C       42.1610   35.3130   39.5870
  QMMM:    31       31      H       42.8140   36.0500   40.0060
  QMMM:    32       32      H       42.3980   34.3470   39.9810
  QMMM:    33       33      C       40.7180   35.6570   39.9460
  QMMM:    34       34      H       40.6740   36.6260   40.3980
  QMMM:    35       35      H       40.3210   34.9500   40.6440
  QMMM:    36       36      C       39.9190   35.6470   38.6490
  QMMM:    37       37      H       38.8830   35.8590   38.8120
  QMMM:    38       38      C       40.1390   34.2490   38.0820
  QMMM:    39       39      H       39.9910   33.5200   38.8510
  QMMM:    40       40      H       39.4450   34.0600   37.2890
  QMMM:    41       41      C       41.5700   34.1600   37.5560
  QMMM:    42       42      H       42.0140   33.2350   37.8610
  QMMM:    43       43      H       41.5790   34.2020   36.4860

--------------------------------------------------------------------------------
  RESULTS
--------------------------------------------------------------------------------

      iter         sqm energy              rms gradient
      ----    -------------------    -----------------------
xmin    10      157.0255 kcal/mol        0.7592 kcal/(mol*A)
xmin    20      154.2144 kcal/mol        0.9193 kcal/(mol*A)
xmin    30      153.5007 kcal/mol        0.3318 kcal/(mol*A)
xmin    40      153.4128 kcal/mol        0.0266 kcal/(mol*A)
xmin    50      153.4073 kcal/mol        0.0054 kcal/(mol*A)
  ... geometry converged !
 
 Final MO eigenvalues (eV):
 -46.8450  -43.1837  -41.8403  -40.5878  -38.6357  -36.7282  -35.9132  -34.6186
 -34.4073  -33.3860  -31.8485  -29.5147  -28.4701  -28.4368  -26.4627  -26.2027
 -24.7721  -24.1686  -23.8883  -22.8931  -22.1911  -22.0127  -21.0146  -20.3988
 -19.6285  -19.1612  -18.9413  -18.7948  -18.5461  -18.5107  -18.2687  -18.0705
 -17.7494  -17.5914  -17.5449  -17.3929  -17.0812  -16.8008  -16.3812  -16.3621
 -16.1199  -16.0863  -15.7722  -15.4810  -15.3441  -15.2202  -14.8846  -14.4682
 -14.0794  -13.8817  -12.8700  -12.6448  -11.6931  -11.3103   -3.5638   -2.9521
  -2.3714   -1.6123   -1.6066   -1.5120   -1.4506   -1.3618   -0.8377   -0.6024
  -0.5421   -0.5175   -0.4501   -0.3597   -0.3573   -0.3119   -0.2322   -0.0749
   0.0611    0.1426    0.1939    0.5286    0.6664    0.7547    0.8549    0.8993
   0.9195    0.9568    1.0581    1.1414    1.2587    1.2973    1.6022    1.6346
   1.9262    1.9601    2.0370    2.1902    2.2465    2.4416    2.4726    2.5380
   2.5488    2.8309    2.8508    3.0090    3.1063    3.1438    3.5252    3.5753
   3.7093    4.0571

 Heat of formation   =        153.40710185 kcal/mol  (        6.65223112 eV)

 Total SCF energy    =     -75088.01544047 kcal/mol  (    -3256.06068429 eV)
 Electronic energy   =    -559111.42164752 kcal/mol  (   -24244.89057923 eV)
 Core-core repulsion =     484023.40620705 kcal/mol  (    20988.82989493 eV)
 
    Atomic Charges for Step       1 :
  Atom    Element       Mulliken Charge
     1      C                 -0.108
     2      H                  0.135
     3      C                 -0.125
     4      H                  0.144
     5      C                 -0.105
     6      H                  0.146
     7      C                 -0.126
     8      H                  0.143
     9      C                 -0.110
    10      H                  0.132
    11      C                 -0.076
    12      C                  0.020
    13      C                 -0.121
    14      C                 -0.105
    15      H                  0.135
    16      H                  0.155
    17      C                 -0.116
    18      H                  0.156
    19      C                 -0.119
    20      H                  0.135
    21      C                 -0.172
    22      C                  0.141
    23      O                 -0.333
    24      H                  0.243
    25      C                 -0.137
    26      H                  0.158
    27      H                  0.149
    28      N                 -0.006
    29      H                  0.249
    30      C                 -0.121
    31      H                  0.140
    32      H                  0.138
    33      C                 -0.180
    34      H                  0.131
    35      H                  0.129
    36      C                 -0.131
    37      H                  0.149
    38      C                 -0.171
    39      H                  0.119
    40      H                  0.146
    41      C                 -0.117
    42      H                  0.134
    43      H                  0.149
 Total Mulliken Charge =       1.000
 
                  X        Y        Z     TOTAL  
  QM DIPOLE   199.270  174.190  185.760  323.354
 
 Final Structure

  QMMM: QM Region Cartesian Coordinates (*=link atom) 
  QMMM: QM_NO.   MM_NO.  ATOM         X         Y         Z
  QMMM:     1        1      C       37.4550   42.3915   39.4406
  QMMM:     2        2      H       36.6896   41.6096   39.3228
  QMMM:     3        3      C       37.0759   43.6839   39.7972
  QMMM:     4        4      H       36.0132   43.9154   39.9660
  QMMM:     5        5      C       38.0387   44.6835   39.9386
  QMMM:     6        6      H       37.7372   45.7035   40.2219
  QMMM:     7        7      C       39.3845   44.3882   39.7191
  QMMM:     8        8      H       40.1460   45.1749   39.8314
  QMMM:     9        9      C       39.7685   43.0989   39.3569
  QMMM:    10       10      H       40.8320   42.8715   39.1896
  QMMM:    11       11      C       38.8060   42.0884   39.2164
  QMMM:    12       12      C       39.2061   40.7357   38.8390
  QMMM:    13       13      C       38.5891   39.6187   39.4199
  QMMM:    14       14      C       38.9701   38.3270   39.0614
  QMMM:    15       15      H       38.4508   37.4767   39.5295
  QMMM:    16       16      H       37.7946   39.7634   40.1698
  QMMM:    17       17      C       40.2126   40.5292   37.8812
  QMMM:    18       18      H       40.6940   41.3960   37.4004
  QMMM:    19       19      C       40.5907   39.2405   37.5248
  QMMM:    20       20      H       41.3641   39.0914   36.7547
  QMMM:    21       21      C       39.9811   38.1239   38.1187
  QMMM:    22       22      C       40.4217   36.7614   37.6688
  QMMM:    23       23      O       40.1452   36.5649   36.2840
  QMMM:    24       24      H       39.3962   37.1260   36.0410
  QMMM:    25       25      C       41.9816   36.6518   37.7644
  QMMM:    26       26      H       42.4185   36.7399   36.7290
  QMMM:    27       27      H       42.3871   37.4706   38.4206
  QMMM:    28       28      N       42.3960   35.3322   38.3459
  QMMM:    29       29      H       43.4128   35.2340   38.2994
  QMMM:    30       30      C       41.9329   35.2719   39.7757
  QMMM:    31       31      H       42.5072   36.0421   40.3625
  QMMM:    32       32      H       42.1836   34.2500   40.1763
  QMMM:    33       33      C       40.4250   35.5375   39.8622
  QMMM:    34       34      H       40.2454   36.5125   40.3861
  QMMM:    35       35      H       39.9405   34.7276   40.4666
  QMMM:    36       36      C       39.8231   35.5718   38.4603
  QMMM:    37       37      H       38.7074   35.6602   38.5045
  QMMM:    38       38      C       40.2102   34.2803   37.7404
  QMMM:    39       39      H       39.8522   33.3946   38.3241
  QMMM:    40       40      H       39.7306   34.2513   36.7263
  QMMM:    41       41      C       41.7334   34.2215   37.5743
  QMMM:    42       42      H       42.1436   33.2440   37.9504
  QMMM:    43       43      H       42.0110   34.3495   36.4895

           --------- Calculation Completed ----------

